					"42"
					{
						"tags"
						{
							"0"		"Expected"
						}
					}